link, Skip to main content
button, Collapse sidebar, 1 control, expanded
navigation, Administrative sidebar
heading, Administrative sidebar, level 2
link, Home page
Home page
end of link, Home page
button, Back
button, Collapse sidebar, 1 control, expanded
heading, Content, level 3
list
listitem, level 1, position 1, set size 4
button, Extend Create, 1 control, not expanded
Extend
Create
end of button, Extend Create, 1 control, not expanded
end of listitem, level 1, position 1, set size 4
listitem, level 1, position 2, set size 4
link, Blocks
Blocks
end of link, Blocks
Blocks
end of listitem, level 1, position 2, set size 4
listitem, level 1, position 3, set size 4
link, Content
Content
end of link, Content
Content
end of listitem, level 1, position 3, set size 4
listitem, level 1, position 4, set size 4
link, Files
Files
end of link, Files
Files
end of listitem, level 1, position 4, set size 4
end of list
heading, Administration, level 3
list
listitem, level 1, position 1, set size 7
button, Extend Structure, 1 control, not expanded
Extend
Structure
end of button, Extend Structure, 1 control, not expanded
end of listitem, level 1, position 1, set size 7
listitem, level 1, position 2, set size 7
link, Appearance, Select and configure themes.
Appearance
end of link, Appearance, Select and configure themes.
Appearance
end of listitem, level 1, position 2, set size 7
listitem, level 1, position 3, set size 7
link, Extend, Add and install modules to extend site functionality.
Extend
end of link, Extend, Add and install modules to extend site functionality.
Extend
end of listitem, level 1, position 3, set size 7
listitem, level 1, position 4, set size 7
button, Extend Configuration, 1 control, not expanded
Extend
Configuration
end of button, Extend Configuration, 1 control, not expanded
end of listitem, level 1, position 4, set size 7
listitem, level 1, position 5, set size 7
link, People, Manage user accounts, roles, and permissions.
People
end of link, People, Manage user accounts, roles, and permissions.
People
end of listitem, level 1, position 5, set size 7
listitem, level 1, position 6, set size 7
button, Extend Reports, 1 control, not expanded
Extend
Reports
end of button, Extend Reports, 1 control, not expanded
end of listitem, level 1, position 6, set size 7
listitem, level 1, position 7, set size 7
link, Announcements, Displays announcements from the Drupal community.
Announcements
end of link, Announcements, Displays announcements from the Drupal community.
Announcements
end of listitem, level 1, position 7, set size 7
end of list
heading, Help, level 3
list
listitem, level 1, position 1, set size 1
link, Help
Help
end of link, Help
Help
end of listitem, level 1, position 1, set size 1
end of list
heading, User, level 3
list
listitem, level 1, position 1, set size 1
button, Extend admin, 1 control, not expanded
Extend
admin
end of button, Extend admin, 1 control, not expanded
end of listitem, level 1, position 1, set size 1
end of list
button, Collapse sidebar, 1 control, expanded
end of navigation, Administrative sidebar
main
banner
navigation, Breadcrumb
heading, Breadcrumb, level 2
list
listitem, level 1, position 1, set size 6
link, Home
end of listitem, level 1, position 1, set size 6
listitem, level 1, position 2, set size 6
link, Administration
end of listitem, level 1, position 2, set size 6
listitem, level 1, position 3, set size 6
link, Structure
end of listitem, level 1, position 3, set size 6
listitem, level 1, position 4, set size 6
link, Content types
end of listitem, level 1, position 4, set size 6
listitem, level 1, position 5, set size 6
link, Article
end of listitem, level 1, position 5, set size 6
listitem, level 1, position 6, set size 6
link, Manage display
end of listitem, level 1, position 6, set size 6
end of list
end of navigation, Breadcrumb
heading, Manage display, level 1
heading, Primary tabs, level 2
navigation, Primary tabs
list
listitem, level 1, position 1, set size 5
link, Edit
end of listitem, level 1, position 1, set size 5
listitem, level 1, position 2, set size 5
link, Manage fields
end of listitem, level 1, position 2, set size 5
listitem, level 1, position 3, set size 5
link, Manage form display
end of listitem, level 1, position 3, set size 5
listitem, level 1, position 4, set size 5
link, Manage display
button, Tabs display toggle
graphics-document
end of button, Tabs display toggle
end of listitem, level 1, position 4, set size 5
listitem, level 1, position 5, set size 5
link, Manage permissions
end of listitem, level 1, position 5, set size 5
end of list
end of navigation, Primary tabs
end of banner
heading, Secondary tabs, level 2
navigation, Secondary tabs
list
listitem, level 1, position 1, set size 3
link, Overview
end of listitem, level 1, position 1, set size 3
listitem, level 1, position 2, set size 3
link, Default, current page
end of listitem, level 1, position 2, set size 3
listitem, level 1, position 3, set size 3
link, Teaser
end of listitem, level 1, position 3, set size 3
end of list
end of navigation, Secondary tabs
complementary
paragraph
Configure which fields are shown and how they are displayed when
emphasis
Article
end of emphasis
content is displayed in
emphasis
default
end of emphasis
view mode. Use the drag handles to reorder fields, and drag fields to the
emphasis
Disabled
end of emphasis
region to hide them.
end of paragraph
end of complementary
form
button, Show row weights
table
rowgroup
row, Field Machine name Label Format
rowheader, Field
rowheader, Machine name
rowheader, Label
rowheader, Format, column span 3
end of row, Field Machine name Label Format
end of rowgroup
rowgroup
row, No field is displayed.
cell, No field is displayed., column span 9
end of row, No field is displayed.
row, Subtitle field_subtitle Label display for Subtitle Above Plugin for Subtitle Plain text
cell, Subtitle
link, Change order
Subtitle
end of cell, Subtitle
cell, field_subtitle
cell, Label display for Subtitle Above
Label display for Subtitle
combobox, Label display for Subtitle, above, has popup listbox, not expanded
option, Above, above, selected, position 1, set size 4
option, Inline, inline, not selected, position 2, set size 4
option, - Hidden -, hidden, not selected, position 3, set size 4
option, - Visually Hidden -, visually_hidden, not selected, position 4, set size 4
end of combobox, Label display for Subtitle, above, has popup listbox, not expanded
end of cell, Label display for Subtitle Above
cell, Plugin for Subtitle Plain text
Plugin for Subtitle
combobox, Plugin for Subtitle, string, has popup listbox, not expanded
option, Plain text, string, selected, position 1, set size 1
end of combobox, Plugin for Subtitle, string, has popup listbox, not expanded
end of cell, Plugin for Subtitle Plain text
cell
cell
textbox, Edit
end of cell
end of row, Subtitle field_subtitle Label display for Subtitle Above Plugin for Subtitle Plain text
row, Standfirst field_standfirst Label display for Standfirst Above Plugin for Standfirst Default
cell, Standfirst
link, Change order
Standfirst
end of cell, Standfirst
cell, field_standfirst
cell, Label display for Standfirst Above
Label display for Standfirst
combobox, Label display for Standfirst, above, has popup listbox, not expanded
option, Above, above, selected, position 1, set size 4
option, Inline, inline, not selected, position 2, set size 4
option, - Hidden -, hidden, not selected, position 3, set size 4
option, - Visually Hidden -, visually_hidden, not selected, position 4, set size 4
end of combobox, Label display for Standfirst, above, has popup listbox, not expanded
end of cell, Label display for Standfirst Above
cell, Plugin for Standfirst Default
Plugin for Standfirst
combobox, Plugin for Standfirst, text_default, has popup listbox, not expanded
option, Trimmed, text_trimmed, not selected, position 1, set size 2
option, Default, text_default, selected, position 2, set size 2
end of combobox, Plugin for Standfirst, text_default, has popup listbox, not expanded
end of cell, Plugin for Standfirst Default
cell
cell
end of row, Standfirst field_standfirst Label display for Standfirst Above Plugin for Standfirst Default
row, Read time (minutes) field_read_time Label display for Read time (minutes) Above Plugin for Read time (minutes) Default 1234Display with prefix and suffix.
cell, Read time (minutes)
link, Change order
Read time (minutes)
end of cell, Read time (minutes)
cell, field_read_time
cell, Label display for Read time (minutes) Above
Label display for Read time (minutes)
combobox, Label display for Read time (minutes), above, has popup listbox, not expanded
option, Above, above, selected, position 1, set size 4
option, Inline, inline, not selected, position 2, set size 4
option, - Hidden -, hidden, not selected, position 3, set size 4
option, - Visually Hidden -, visually_hidden, not selected, position 4, set size 4
end of combobox, Label display for Read time (minutes), above, has popup listbox, not expanded
end of cell, Label display for Read time (minutes) Above
cell, Plugin for Read time (minutes) Default
Plugin for Read time (minutes)
combobox, Plugin for Read time (minutes), number_integer, has popup listbox, not expanded
option, Bytes (KB, MB, ...), file_size, not selected, position 1, set size 3
option, Unformatted, number_unformatted, not selected, position 2, set size 3
option, Default, number_integer, selected, position 3, set size 3
end of combobox, Plugin for Read time (minutes), number_integer, has popup listbox, not expanded
end of cell, Plugin for Read time (minutes) Default
cell, 1234Display with prefix and suffix.
1234
Display with prefix and suffix.
end of cell, 1234Display with prefix and suffix.
cell
textbox, Edit
end of cell
end of row, Read time (minutes) field_read_time Label display for Read time (minutes) Above Plugin for Read time (minutes) Default 1234Display with prefix and suffix.
row, Published on field_published_on Label display for Published on Above Plugin for Published on Default Format: Sun, 23 Aug 2026 - 19:43
cell, Published on
link, Change order
Published on
end of cell, Published on
cell, field_published_on
cell, Label display for Published on Above
Label display for Published on
combobox, Label display for Published on, above, has popup listbox, not expanded
option, Above, above, selected, position 1, set size 4
option, Inline, inline, not selected, position 2, set size 4
option, - Hidden -, hidden, not selected, position 3, set size 4
option, - Visually Hidden -, visually_hidden, not selected, position 4, set size 4
end of combobox, Label display for Published on, above, has popup listbox, not expanded
end of cell, Label display for Published on Above
cell, Plugin for Published on Default
Plugin for Published on
combobox, Plugin for Published on, datetime_default, has popup listbox, not expanded
option, Plain, datetime_plain, not selected, position 1, set size 4
option, Custom, datetime_custom, not selected, position 2, set size 4
option, Time ago, datetime_time_ago, not selected, position 3, set size 4
option, Default, datetime_default, selected, position 4, set size 4
end of combobox, Plugin for Published on, datetime_default, has popup listbox, not expanded
end of cell, Plugin for Published on Default
cell, Format: Sun, 23 Aug 2026 - 19:43
Format: Sun, 23 Aug 2026 - 19:43
end of cell, Format: Sun, 23 Aug 2026 - 19:43
cell
textbox, Edit
end of cell
end of row, Published on field_published_on Label display for Published on Above Plugin for Published on Default Format: Sun, 23 Aug 2026 - 19:43
row, Body body Label display for Body - Hidden - Plugin for Body Default
cell, Body
link, Change order
Body
end of cell, Body
cell, body
cell, Label display for Body - Hidden -
Label display for Body
combobox, Label display for Body, hidden, has popup listbox, not expanded
option, Above, above, not selected, position 1, set size 4
option, Inline, inline, not selected, position 2, set size 4
option, - Hidden -, hidden, selected, position 3, set size 4
option, - Visually Hidden -, visually_hidden, not selected, position 4, set size 4
end of combobox, Label display for Body, hidden, has popup listbox, not expanded
end of cell, Label display for Body - Hidden -
cell, Plugin for Body Default
Plugin for Body
combobox, Plugin for Body, text_default, has popup listbox, not expanded
option, Trimmed, text_trimmed, not selected, position 1, set size 3
option, Summary or trimmed, text_summary_or_trimmed, not selected, position 2, set size 3
option, Default, text_default, selected, position 3, set size 3
end of combobox, Plugin for Body, text_default, has popup listbox, not expanded
end of cell, Plugin for Body Default
cell
cell
end of row, Body body Label display for Body - Hidden - Plugin for Body Default
row, Links links
cell, Links
link, Change order
Links
end of cell, Links
cell, links
cell
cell
cell
cell
end of row, Links links
row, Disabled
cell, Disabled, column span 9
end of row, Disabled
row, No field is hidden.
cell, No field is hidden., column span 9
end of row, No field is hidden.
end of rowgroup
end of table
textbox, Refresh
group
button, Layout options, 1 control, expanded
textbox, Use Layout Builder
Use Layout Builder
end of group
textbox, Save
end of form
end of main
not busy
end of document
