URL: https://drupal-core.ddev.site/admin/structure/types/manage/article/display/default
Total phrases: 367
Traversal steps: 366
   1. document
   2. link, Skip to main content
   3. button, Collapse sidebar, 1 control, expanded
   4. navigation, Administrative sidebar
   5. heading, Administrative sidebar, level 2
   6. link, Home page
   7. Home page
   8. end of link, Home page
   9. button, Back
  10. button, Collapse sidebar, 1 control, expanded
  11. heading, Content, level 3
  12. list
  13. listitem, level 1, position 1, set size 4
  14. button, Extend Create, 1 control, not expanded
  15. Extend
  16. Create
  17. end of button, Extend Create, 1 control, not expanded
  18. end of listitem, level 1, position 1, set size 4
  19. listitem, level 1, position 2, set size 4
  20. link, Blocks
  21. Blocks
  22. end of link, Blocks
  23. Blocks
  24. end of listitem, level 1, position 2, set size 4
  25. listitem, level 1, position 3, set size 4
  26. link, Content
  27. Content
  28. end of link, Content
  29. Content
  30. end of listitem, level 1, position 3, set size 4
  31. listitem, level 1, position 4, set size 4
  32. link, Files
  33. Files
  34. end of link, Files
  35. Files
  36. end of listitem, level 1, position 4, set size 4
  37. end of list
  38. heading, Administration, level 3
  39. list
  40. listitem, level 1, position 1, set size 7
  41. button, Extend Structure, 1 control, not expanded
  42. Extend
  43. Structure
  44. end of button, Extend Structure, 1 control, not expanded
  45. end of listitem, level 1, position 1, set size 7
  46. listitem, level 1, position 2, set size 7
  47. link, Appearance, Select and configure themes.
  48. Appearance
  49. end of link, Appearance, Select and configure themes.
  50. Appearance
  51. end of listitem, level 1, position 2, set size 7
  52. listitem, level 1, position 3, set size 7
  53. link, Extend, Add and install modules to extend site functionality.
  54. Extend
  55. end of link, Extend, Add and install modules to extend site functionality.
  56. Extend
  57. end of listitem, level 1, position 3, set size 7
  58. listitem, level 1, position 4, set size 7
  59. button, Extend Configuration, 1 control, not expanded
  60. Extend
  61. Configuration
  62. end of button, Extend Configuration, 1 control, not expanded
  63. end of listitem, level 1, position 4, set size 7
  64. listitem, level 1, position 5, set size 7
  65. link, People, Manage user accounts, roles, and permissions.
  66. People
  67. end of link, People, Manage user accounts, roles, and permissions.
  68. People
  69. end of listitem, level 1, position 5, set size 7
  70. listitem, level 1, position 6, set size 7
  71. button, Extend Reports, 1 control, not expanded
  72. Extend
  73. Reports
  74. end of button, Extend Reports, 1 control, not expanded
  75. end of listitem, level 1, position 6, set size 7
  76. listitem, level 1, position 7, set size 7
  77. link, Announcements, Displays announcements from the Drupal community.
  78. Announcements
  79. end of link, Announcements, Displays announcements from the Drupal community.
  80. Announcements
  81. end of listitem, level 1, position 7, set size 7
  82. end of list
  83. heading, Help, level 3
  84. list
  85. listitem, level 1, position 1, set size 1
  86. link, Help
  87. Help
  88. end of link, Help
  89. Help
  90. end of listitem, level 1, position 1, set size 1
  91. end of list
  92. heading, User, level 3
  93. list
  94. listitem, level 1, position 1, set size 1
  95. button, Extend admin, 1 control, not expanded
  96. Extend
  97. admin
  98. end of button, Extend admin, 1 control, not expanded
  99. end of listitem, level 1, position 1, set size 1
 100. end of list
 101. button, Collapse sidebar, 1 control, expanded
 102. end of navigation, Administrative sidebar
 103. main
 104. banner
 105. navigation, Breadcrumb
 106. heading, Breadcrumb, level 2
 107. list
 108. listitem, level 1, position 1, set size 6
 109. link, Home
 110. end of listitem, level 1, position 1, set size 6
 111. listitem, level 1, position 2, set size 6
 112. link, Administration
 113. end of listitem, level 1, position 2, set size 6
 114. listitem, level 1, position 3, set size 6
 115. link, Structure
 116. end of listitem, level 1, position 3, set size 6
 117. listitem, level 1, position 4, set size 6
 118. link, Content types
 119. end of listitem, level 1, position 4, set size 6
 120. listitem, level 1, position 5, set size 6
 121. link, Article
 122. end of listitem, level 1, position 5, set size 6
 123. listitem, level 1, position 6, set size 6
 124. link, Manage display
 125. end of listitem, level 1, position 6, set size 6
 126. end of list
 127. end of navigation, Breadcrumb
 128. heading, Manage display, level 1
 129. heading, Primary tabs, level 2
 130. navigation, Primary tabs
 131. list
 132. listitem, level 1, position 1, set size 5
 133. link, Edit
 134. end of listitem, level 1, position 1, set size 5
 135. listitem, level 1, position 2, set size 5
 136. link, Manage fields
 137. end of listitem, level 1, position 2, set size 5
 138. listitem, level 1, position 3, set size 5
 139. link, Manage form display
 140. end of listitem, level 1, position 3, set size 5
 141. listitem, level 1, position 4, set size 5
 142. link, Manage display
 143. button, Tabs display toggle
 144. graphics-document
 145. end of button, Tabs display toggle
 146. end of listitem, level 1, position 4, set size 5
 147. listitem, level 1, position 5, set size 5
 148. link, Manage permissions
 149. end of listitem, level 1, position 5, set size 5
 150. end of list
 151. end of navigation, Primary tabs
 152. end of banner
 153. heading, Secondary tabs, level 2
 154. navigation, Secondary tabs
 155. list
 156. listitem, level 1, position 1, set size 3
 157. link, Overview
 158. end of listitem, level 1, position 1, set size 3
 159. listitem, level 1, position 2, set size 3
 160. link, Default, current page
 161. end of listitem, level 1, position 2, set size 3
 162. listitem, level 1, position 3, set size 3
 163. link, Teaser
 164. end of listitem, level 1, position 3, set size 3
 165. end of list
 166. end of navigation, Secondary tabs
 167. complementary
 168. paragraph
 169. Configure which fields are shown and how they are displayed when
 170. emphasis
 171. Article
 172. end of emphasis
 173. content is displayed in
 174. emphasis
 175. default
 176. end of emphasis
 177. view mode. Use the drag handles to reorder fields, and drag fields to the
 178. emphasis
 179. Disabled
 180. end of emphasis
 181. region to hide them.
 182. end of paragraph
 183. end of complementary
 184. form
 185. button, Show row weights
 186. table
 187. rowgroup
 188. row, Field Machine name Label Format
 189. rowheader, Field
 190. rowheader, Machine name
 191. rowheader, Label
 192. rowheader, Format, column span 3
 193. end of row, Field Machine name Label Format
 194. end of rowgroup
 195. rowgroup
 196. row, No field is displayed.
 197. cell, No field is displayed., column span 9
 198. end of row, No field is displayed.
 199. row, Subtitle field_subtitle Label display for Subtitle Above Plugin for Subtitle Plain text
 200. cell, Subtitle
 201. link, Change order
 202. Subtitle
 203. end of cell, Subtitle
 204. cell, field_subtitle
 205. cell, Label display for Subtitle Above
 206. Label display for Subtitle
 207. combobox, Label display for Subtitle, above, has popup listbox, not expanded
 208. option, Above, above, selected, position 1, set size 4
 209. option, Inline, inline, not selected, position 2, set size 4
 210. option, - Hidden -, hidden, not selected, position 3, set size 4
 211. option, - Visually Hidden -, visually_hidden, not selected, position 4, set size 4
 212. end of combobox, Label display for Subtitle, above, has popup listbox, not expanded
 213. end of cell, Label display for Subtitle Above
 214. cell, Plugin for Subtitle Plain text
 215. Plugin for Subtitle
 216. combobox, Plugin for Subtitle, string, has popup listbox, not expanded
 217. option, Plain text, string, selected, position 1, set size 1
 218. end of combobox, Plugin for Subtitle, string, has popup listbox, not expanded
 219. end of cell, Plugin for Subtitle Plain text
 220. cell
 221. cell
 222. textbox, Edit
 223. end of cell
 224. end of row, Subtitle field_subtitle Label display for Subtitle Above Plugin for Subtitle Plain text
 225. row, Standfirst field_standfirst Label display for Standfirst Above Plugin for Standfirst Default
 226. cell, Standfirst
 227. link, Change order
 228. Standfirst
 229. end of cell, Standfirst
 230. cell, field_standfirst
 231. cell, Label display for Standfirst Above
 232. Label display for Standfirst
 233. combobox, Label display for Standfirst, above, has popup listbox, not expanded
 234. option, Above, above, selected, position 1, set size 4
 235. option, Inline, inline, not selected, position 2, set size 4
 236. option, - Hidden -, hidden, not selected, position 3, set size 4
 237. option, - Visually Hidden -, visually_hidden, not selected, position 4, set size 4
 238. end of combobox, Label display for Standfirst, above, has popup listbox, not expanded
 239. end of cell, Label display for Standfirst Above
 240. cell, Plugin for Standfirst Default
 241. Plugin for Standfirst
 242. combobox, Plugin for Standfirst, text_default, has popup listbox, not expanded
 243. option, Trimmed, text_trimmed, not selected, position 1, set size 2
 244. option, Default, text_default, selected, position 2, set size 2
 245. end of combobox, Plugin for Standfirst, text_default, has popup listbox, not expanded
 246. end of cell, Plugin for Standfirst Default
 247. cell
 248. cell
 249. end of row, Standfirst field_standfirst Label display for Standfirst Above Plugin for Standfirst Default
 250. row, Read time (minutes) field_read_time Label display for Read time (minutes) Above Plugin for Read time (minutes) Default 1234Display with prefix and suffix.
 251. cell, Read time (minutes)
 252. link, Change order
 253. Read time (minutes)
 254. end of cell, Read time (minutes)
 255. cell, field_read_time
 256. cell, Label display for Read time (minutes) Above
 257. Label display for Read time (minutes)
 258. combobox, Label display for Read time (minutes), above, has popup listbox, not expanded
 259. option, Above, above, selected, position 1, set size 4
 260. option, Inline, inline, not selected, position 2, set size 4
 261. option, - Hidden -, hidden, not selected, position 3, set size 4
 262. option, - Visually Hidden -, visually_hidden, not selected, position 4, set size 4
 263. end of combobox, Label display for Read time (minutes), above, has popup listbox, not expanded
 264. end of cell, Label display for Read time (minutes) Above
 265. cell, Plugin for Read time (minutes) Default
 266. Plugin for Read time (minutes)
 267. combobox, Plugin for Read time (minutes), number_integer, has popup listbox, not expanded
 268. option, Bytes (KB, MB, ...), file_size, not selected, position 1, set size 3
 269. option, Unformatted, number_unformatted, not selected, position 2, set size 3
 270. option, Default, number_integer, selected, position 3, set size 3
 271. end of combobox, Plugin for Read time (minutes), number_integer, has popup listbox, not expanded
 272. end of cell, Plugin for Read time (minutes) Default
 273. cell, 1234Display with prefix and suffix.
 274. 1234
 275. Display with prefix and suffix.
 276. end of cell, 1234Display with prefix and suffix.
 277. cell
 278. textbox, Edit
 279. end of cell
 280. end of row, Read time (minutes) field_read_time Label display for Read time (minutes) Above Plugin for Read time (minutes) Default 1234Display with prefix and suffix.
 281. row, Published on field_published_on Label display for Published on Above Plugin for Published on Default Format: Sun, 23 Aug 2026 - 19:43
 282. cell, Published on
 283. link, Change order
 284. Published on
 285. end of cell, Published on
 286. cell, field_published_on
 287. cell, Label display for Published on Above
 288. Label display for Published on
 289. combobox, Label display for Published on, above, has popup listbox, not expanded
 290. option, Above, above, selected, position 1, set size 4
 291. option, Inline, inline, not selected, position 2, set size 4
 292. option, - Hidden -, hidden, not selected, position 3, set size 4
 293. option, - Visually Hidden -, visually_hidden, not selected, position 4, set size 4
 294. end of combobox, Label display for Published on, above, has popup listbox, not expanded
 295. end of cell, Label display for Published on Above
 296. cell, Plugin for Published on Default
 297. Plugin for Published on
 298. combobox, Plugin for Published on, datetime_default, has popup listbox, not expanded
 299. option, Plain, datetime_plain, not selected, position 1, set size 4
 300. option, Custom, datetime_custom, not selected, position 2, set size 4
 301. option, Time ago, datetime_time_ago, not selected, position 3, set size 4
 302. option, Default, datetime_default, selected, position 4, set size 4
 303. end of combobox, Plugin for Published on, datetime_default, has popup listbox, not expanded
 304. end of cell, Plugin for Published on Default
 305. cell, Format: Sun, 23 Aug 2026 - 19:43
 306. Format: Sun, 23 Aug 2026 - 19:43
 307. end of cell, Format: Sun, 23 Aug 2026 - 19:43
 308. cell
 309. textbox, Edit
 310. end of cell
 311. end of row, Published on field_published_on Label display for Published on Above Plugin for Published on Default Format: Sun, 23 Aug 2026 - 19:43
 312. row, Body body Label display for Body - Hidden - Plugin for Body Default
 313. cell, Body
 314. link, Change order
 315. Body
 316. end of cell, Body
 317. cell, body
 318. cell, Label display for Body - Hidden -
 319. Label display for Body
 320. combobox, Label display for Body, hidden, has popup listbox, not expanded
 321. option, Above, above, not selected, position 1, set size 4
 322. option, Inline, inline, not selected, position 2, set size 4
 323. option, - Hidden -, hidden, selected, position 3, set size 4
 324. option, - Visually Hidden -, visually_hidden, not selected, position 4, set size 4
 325. end of combobox, Label display for Body, hidden, has popup listbox, not expanded
 326. end of cell, Label display for Body - Hidden -
 327. cell, Plugin for Body Default
 328. Plugin for Body
 329. combobox, Plugin for Body, text_default, has popup listbox, not expanded
 330. option, Trimmed, text_trimmed, not selected, position 1, set size 3
 331. option, Summary or trimmed, text_summary_or_trimmed, not selected, position 2, set size 3
 332. option, Default, text_default, selected, position 3, set size 3
 333. end of combobox, Plugin for Body, text_default, has popup listbox, not expanded
 334. end of cell, Plugin for Body Default
 335. cell
 336. cell
 337. end of row, Body body Label display for Body - Hidden - Plugin for Body Default
 338. row, Links links
 339. cell, Links
 340. link, Change order
 341. Links
 342. end of cell, Links
 343. cell, links
 344. cell
 345. cell
 346. cell
 347. cell
 348. end of row, Links links
 349. row, Disabled
 350. cell, Disabled, column span 9
 351. end of row, Disabled
 352. row, No field is hidden.
 353. cell, No field is hidden., column span 9
 354. end of row, No field is hidden.
 355. end of rowgroup
 356. end of table
 357. textbox, Refresh
 358. group
 359. button, Layout options, 1 control, expanded
 360. textbox, Use Layout Builder
 361. Use Layout Builder
 362. end of group
 363. textbox, Save
 364. end of form
 365. end of main
 366. not busy
 367. end of document
