URL: https://drupal-core.ddev.site/admin/structure/types/manage/article/display/default
Total phrases: 370
Traversal steps: 369
   1. document
   2. link, Skip to main content
   3. button, Collapse sidebar, 1 control, expanded
   4. navigation, Administrative sidebar
   5. heading, Administrative sidebar, level 2
   6. link, Home page
   7. Home page
   8. end of link, Home page
   9. button, Back
  10. button, Collapse sidebar, 1 control, expanded
  11. heading, Content, level 3
  12. list
  13. listitem, level 1, position 1, set size 4
  14. button, Extend Create, 1 control, not expanded
  15. Extend
  16. Create
  17. end of button, Extend Create, 1 control, not expanded
  18. end of listitem, level 1, position 1, set size 4
  19. listitem, level 1, position 2, set size 4
  20. link, Blocks
  21. Blocks
  22. end of link, Blocks
  23. Blocks
  24. end of listitem, level 1, position 2, set size 4
  25. listitem, level 1, position 3, set size 4
  26. link, Content
  27. Content
  28. end of link, Content
  29. Content
  30. end of listitem, level 1, position 3, set size 4
  31. listitem, level 1, position 4, set size 4
  32. link, Files
  33. Files
  34. end of link, Files
  35. Files
  36. end of listitem, level 1, position 4, set size 4
  37. end of list
  38. heading, Administration, level 3
  39. list
  40. listitem, level 1, position 1, set size 7
  41. button, Extend Structure, 1 control, not expanded
  42. Extend
  43. Structure
  44. end of button, Extend Structure, 1 control, not expanded
  45. end of listitem, level 1, position 1, set size 7
  46. listitem, level 1, position 2, set size 7
  47. link, Appearance, Select and configure themes.
  48. Appearance
  49. end of link, Appearance, Select and configure themes.
  50. Appearance
  51. end of listitem, level 1, position 2, set size 7
  52. listitem, level 1, position 3, set size 7
  53. link, Extend, Add and install modules to extend site functionality.
  54. Extend
  55. end of link, Extend, Add and install modules to extend site functionality.
  56. Extend
  57. end of listitem, level 1, position 3, set size 7
  58. listitem, level 1, position 4, set size 7
  59. button, Extend Configuration, 1 control, not expanded
  60. Extend
  61. Configuration
  62. end of button, Extend Configuration, 1 control, not expanded
  63. end of listitem, level 1, position 4, set size 7
  64. listitem, level 1, position 5, set size 7
  65. link, People, Manage user accounts, roles, and permissions.
  66. People
  67. end of link, People, Manage user accounts, roles, and permissions.
  68. People
  69. end of listitem, level 1, position 5, set size 7
  70. listitem, level 1, position 6, set size 7
  71. button, Extend Reports, 1 control, not expanded
  72. Extend
  73. Reports
  74. end of button, Extend Reports, 1 control, not expanded
  75. end of listitem, level 1, position 6, set size 7
  76. listitem, level 1, position 7, set size 7
  77. link, Announcements, Displays announcements from the Drupal community.
  78. Announcements
  79. end of link, Announcements, Displays announcements from the Drupal community.
  80. Announcements
  81. end of listitem, level 1, position 7, set size 7
  82. end of list
  83. heading, Help, level 3
  84. list
  85. listitem, level 1, position 1, set size 1
  86. link, Help
  87. Help
  88. end of link, Help
  89. Help
  90. end of listitem, level 1, position 1, set size 1
  91. end of list
  92. heading, User, level 3
  93. list
  94. listitem, level 1, position 1, set size 1
  95. button, Extend admin, 1 control, not expanded
  96. Extend
  97. admin
  98. end of button, Extend admin, 1 control, not expanded
  99. end of listitem, level 1, position 1, set size 1
 100. end of list
 101. button, Collapse sidebar, 1 control, expanded
 102. end of navigation, Administrative sidebar
 103. main
 104. banner
 105. navigation, Breadcrumb
 106. heading, Breadcrumb, level 2
 107. list
 108. listitem, level 1, position 1, set size 6
 109. link, Home
 110. end of listitem, level 1, position 1, set size 6
 111. listitem, level 1, position 2, set size 6
 112. link, Administration
 113. end of listitem, level 1, position 2, set size 6
 114. listitem, level 1, position 3, set size 6
 115. link, Structure
 116. end of listitem, level 1, position 3, set size 6
 117. listitem, level 1, position 4, set size 6
 118. link, Content types
 119. end of listitem, level 1, position 4, set size 6
 120. listitem, level 1, position 5, set size 6
 121. link, Article
 122. end of listitem, level 1, position 5, set size 6
 123. listitem, level 1, position 6, set size 6
 124. link, Manage display
 125. end of listitem, level 1, position 6, set size 6
 126. end of list
 127. end of navigation, Breadcrumb
 128. heading, Article: Manage display, level 1
 129. Article
 130. : Manage display
 131. end of heading, Article: Manage display, level 1
 132. heading, Primary tabs, level 2
 133. navigation, Primary tabs
 134. list
 135. listitem, level 1, position 1, set size 5
 136. link, Edit
 137. end of listitem, level 1, position 1, set size 5
 138. listitem, level 1, position 2, set size 5
 139. link, Manage fields
 140. end of listitem, level 1, position 2, set size 5
 141. listitem, level 1, position 3, set size 5
 142. link, Manage form display
 143. end of listitem, level 1, position 3, set size 5
 144. listitem, level 1, position 4, set size 5
 145. link, Manage display
 146. button, Tabs display toggle
 147. graphics-document
 148. end of button, Tabs display toggle
 149. end of listitem, level 1, position 4, set size 5
 150. listitem, level 1, position 5, set size 5
 151. link, Manage permissions
 152. end of listitem, level 1, position 5, set size 5
 153. end of list
 154. end of navigation, Primary tabs
 155. end of banner
 156. heading, Secondary tabs, level 2
 157. navigation, Secondary tabs
 158. list
 159. listitem, level 1, position 1, set size 3
 160. link, Overview
 161. end of listitem, level 1, position 1, set size 3
 162. listitem, level 1, position 2, set size 3
 163. link, Default, current page
 164. end of listitem, level 1, position 2, set size 3
 165. listitem, level 1, position 3, set size 3
 166. link, Teaser
 167. end of listitem, level 1, position 3, set size 3
 168. end of list
 169. end of navigation, Secondary tabs
 170. complementary
 171. paragraph
 172. Configure which fields are shown and how they are displayed when
 173. emphasis
 174. Article
 175. end of emphasis
 176. content is displayed in
 177. emphasis
 178. default
 179. end of emphasis
 180. view mode. Use the drag handles to reorder fields, and drag fields to the
 181. emphasis
 182. Disabled
 183. end of emphasis
 184. region to hide them.
 185. end of paragraph
 186. end of complementary
 187. form
 188. button, Show row weights
 189. table
 190. rowgroup
 191. row, Field Machine name Label Format
 192. rowheader, Field
 193. rowheader, Machine name
 194. rowheader, Label
 195. rowheader, Format, column span 3
 196. end of row, Field Machine name Label Format
 197. end of rowgroup
 198. rowgroup
 199. row, No field is displayed.
 200. cell, No field is displayed., column span 9
 201. end of row, No field is displayed.
 202. row, Subtitle field_subtitle Label display for Subtitle Above Plugin for Subtitle Plain text
 203. cell, Subtitle
 204. link, Change order
 205. Subtitle
 206. end of cell, Subtitle
 207. cell, field_subtitle
 208. cell, Label display for Subtitle Above
 209. Label display for Subtitle
 210. combobox, Label display for Subtitle, above, has popup listbox, not expanded
 211. option, Above, above, selected, position 1, set size 4
 212. option, Inline, inline, not selected, position 2, set size 4
 213. option, - Hidden -, hidden, not selected, position 3, set size 4
 214. option, - Visually Hidden -, visually_hidden, not selected, position 4, set size 4
 215. end of combobox, Label display for Subtitle, above, has popup listbox, not expanded
 216. end of cell, Label display for Subtitle Above
 217. cell, Plugin for Subtitle Plain text
 218. Plugin for Subtitle
 219. combobox, Plugin for Subtitle, string, has popup listbox, not expanded
 220. option, Plain text, string, selected, position 1, set size 1
 221. end of combobox, Plugin for Subtitle, string, has popup listbox, not expanded
 222. end of cell, Plugin for Subtitle Plain text
 223. cell
 224. cell
 225. textbox, Edit
 226. end of cell
 227. end of row, Subtitle field_subtitle Label display for Subtitle Above Plugin for Subtitle Plain text
 228. row, Standfirst field_standfirst Label display for Standfirst Above Plugin for Standfirst Default
 229. cell, Standfirst
 230. link, Change order
 231. Standfirst
 232. end of cell, Standfirst
 233. cell, field_standfirst
 234. cell, Label display for Standfirst Above
 235. Label display for Standfirst
 236. combobox, Label display for Standfirst, above, has popup listbox, not expanded
 237. option, Above, above, selected, position 1, set size 4
 238. option, Inline, inline, not selected, position 2, set size 4
 239. option, - Hidden -, hidden, not selected, position 3, set size 4
 240. option, - Visually Hidden -, visually_hidden, not selected, position 4, set size 4
 241. end of combobox, Label display for Standfirst, above, has popup listbox, not expanded
 242. end of cell, Label display for Standfirst Above
 243. cell, Plugin for Standfirst Default
 244. Plugin for Standfirst
 245. combobox, Plugin for Standfirst, text_default, has popup listbox, not expanded
 246. option, Trimmed, text_trimmed, not selected, position 1, set size 2
 247. option, Default, text_default, selected, position 2, set size 2
 248. end of combobox, Plugin for Standfirst, text_default, has popup listbox, not expanded
 249. end of cell, Plugin for Standfirst Default
 250. cell
 251. cell
 252. end of row, Standfirst field_standfirst Label display for Standfirst Above Plugin for Standfirst Default
 253. row, Read time (minutes) field_read_time Label display for Read time (minutes) Above Plugin for Read time (minutes) Default 1234Display with prefix and suffix.
 254. cell, Read time (minutes)
 255. link, Change order
 256. Read time (minutes)
 257. end of cell, Read time (minutes)
 258. cell, field_read_time
 259. cell, Label display for Read time (minutes) Above
 260. Label display for Read time (minutes)
 261. combobox, Label display for Read time (minutes), above, has popup listbox, not expanded
 262. option, Above, above, selected, position 1, set size 4
 263. option, Inline, inline, not selected, position 2, set size 4
 264. option, - Hidden -, hidden, not selected, position 3, set size 4
 265. option, - Visually Hidden -, visually_hidden, not selected, position 4, set size 4
 266. end of combobox, Label display for Read time (minutes), above, has popup listbox, not expanded
 267. end of cell, Label display for Read time (minutes) Above
 268. cell, Plugin for Read time (minutes) Default
 269. Plugin for Read time (minutes)
 270. combobox, Plugin for Read time (minutes), number_integer, has popup listbox, not expanded
 271. option, Bytes (KB, MB, ...), file_size, not selected, position 1, set size 3
 272. option, Unformatted, number_unformatted, not selected, position 2, set size 3
 273. option, Default, number_integer, selected, position 3, set size 3
 274. end of combobox, Plugin for Read time (minutes), number_integer, has popup listbox, not expanded
 275. end of cell, Plugin for Read time (minutes) Default
 276. cell, 1234Display with prefix and suffix.
 277. 1234
 278. Display with prefix and suffix.
 279. end of cell, 1234Display with prefix and suffix.
 280. cell
 281. textbox, Edit
 282. end of cell
 283. end of row, Read time (minutes) field_read_time Label display for Read time (minutes) Above Plugin for Read time (minutes) Default 1234Display with prefix and suffix.
 284. row, Published on field_published_on Label display for Published on Above Plugin for Published on Default Format: Sun, 23 Aug 2026 - 19:43
 285. cell, Published on
 286. link, Change order
 287. Published on
 288. end of cell, Published on
 289. cell, field_published_on
 290. cell, Label display for Published on Above
 291. Label display for Published on
 292. combobox, Label display for Published on, above, has popup listbox, not expanded
 293. option, Above, above, selected, position 1, set size 4
 294. option, Inline, inline, not selected, position 2, set size 4
 295. option, - Hidden -, hidden, not selected, position 3, set size 4
 296. option, - Visually Hidden -, visually_hidden, not selected, position 4, set size 4
 297. end of combobox, Label display for Published on, above, has popup listbox, not expanded
 298. end of cell, Label display for Published on Above
 299. cell, Plugin for Published on Default
 300. Plugin for Published on
 301. combobox, Plugin for Published on, datetime_default, has popup listbox, not expanded
 302. option, Plain, datetime_plain, not selected, position 1, set size 4
 303. option, Custom, datetime_custom, not selected, position 2, set size 4
 304. option, Time ago, datetime_time_ago, not selected, position 3, set size 4
 305. option, Default, datetime_default, selected, position 4, set size 4
 306. end of combobox, Plugin for Published on, datetime_default, has popup listbox, not expanded
 307. end of cell, Plugin for Published on Default
 308. cell, Format: Sun, 23 Aug 2026 - 19:43
 309. Format: Sun, 23 Aug 2026 - 19:43
 310. end of cell, Format: Sun, 23 Aug 2026 - 19:43
 311. cell
 312. textbox, Edit
 313. end of cell
 314. end of row, Published on field_published_on Label display for Published on Above Plugin for Published on Default Format: Sun, 23 Aug 2026 - 19:43
 315. row, Body body Label display for Body - Hidden - Plugin for Body Default
 316. cell, Body
 317. link, Change order
 318. Body
 319. end of cell, Body
 320. cell, body
 321. cell, Label display for Body - Hidden -
 322. Label display for Body
 323. combobox, Label display for Body, hidden, has popup listbox, not expanded
 324. option, Above, above, not selected, position 1, set size 4
 325. option, Inline, inline, not selected, position 2, set size 4
 326. option, - Hidden -, hidden, selected, position 3, set size 4
 327. option, - Visually Hidden -, visually_hidden, not selected, position 4, set size 4
 328. end of combobox, Label display for Body, hidden, has popup listbox, not expanded
 329. end of cell, Label display for Body - Hidden -
 330. cell, Plugin for Body Default
 331. Plugin for Body
 332. combobox, Plugin for Body, text_default, has popup listbox, not expanded
 333. option, Trimmed, text_trimmed, not selected, position 1, set size 3
 334. option, Summary or trimmed, text_summary_or_trimmed, not selected, position 2, set size 3
 335. option, Default, text_default, selected, position 3, set size 3
 336. end of combobox, Plugin for Body, text_default, has popup listbox, not expanded
 337. end of cell, Plugin for Body Default
 338. cell
 339. cell
 340. end of row, Body body Label display for Body - Hidden - Plugin for Body Default
 341. row, Links links
 342. cell, Links
 343. link, Change order
 344. Links
 345. end of cell, Links
 346. cell, links
 347. cell
 348. cell
 349. cell
 350. cell
 351. end of row, Links links
 352. row, Disabled
 353. cell, Disabled, column span 9
 354. end of row, Disabled
 355. row, No field is hidden.
 356. cell, No field is hidden., column span 9
 357. end of row, No field is hidden.
 358. end of rowgroup
 359. end of table
 360. textbox, Refresh
 361. group
 362. button, Layout options, 1 control, expanded
 363. textbox, Use Layout Builder
 364. Use Layout Builder
 365. end of group
 366. textbox, Save
 367. end of form
 368. end of main
 369. not busy
 370. end of document
